---
source: src/error.rs
expression: yaml
---
- kind: request
  message: connection refused
- kind: response
  message: invalid body
- kind: deserialization
  message: expected string
- kind: upload
  message: file not found
- kind: bad_request
  message: bad id parameter
- kind: unauthorized
  message: invalid api key
- kind: not_found
  message: torrent not found
- kind: too_many_requests
  message: rate limit exceeded
- kind: !other 500
  message: internal error
- kind: !other 503
  message: null
